// Jest Snapshot v1, https://goo.gl/fbAQLP

exports[`renders correctly 1`] = `
<View
  accessibilityState={
    {
      "busy": undefined,
      "checked": undefined,
      "disabled": undefined,
      "expanded": undefined,
      "selected": undefined,
    }
  }
  accessibilityValue={
    {
      "max": undefined,
      "min": undefined,
      "now": undefined,
      "text": undefined,
    }
  }
  accessible={true}
  collapsable={false}
  focusable={true}
  onBlur={[Function]}
  onClick={[Function]}
  onFocus={[Function]}
  onResponderGrant={[Function]}
  onResponderMove={[Function]}
  onResponderRelease={[Function]}
  onResponderTerminate={[Function]}
  onResponderTerminationRequest={[Function]}
  onStartShouldSetResponder={[Function]}
  style={
    [
      {
        "alignItems": "center",
        "borderColor": "black",
        "borderWidth": 1,
        "cursor": "pointer",
        "fontSize": 20,
        "height": "100%",
        "justifyContent": "center",
        "width": "100%",
      },
      {
        "backgroundColor": "000000",
      },
    ]
  }
>
  <Text
    style={
      [
        {
          "fontWeight": "600",
        },
        {
          "fontSize": 30,
        },
      ]
    }
  >
    a
  </Text>
</View>
`;
