// Jest Snapshot v1, https://goo.gl/fbAQLP

exports[`renders correctly 1`] = `
<View
  style={
    {
      "alignSelf": "center",
      "borderColor": "black",
      "borderWidth": 0.5,
      "height": "65%",
      "justifyContent": "center",
      "width": "100%",
    }
  }
>
  <View
    style={
      {
        "alignSelf": "center",
        "flexDirection": "column",
        "height": "100%",
        "justifyContent": "space-between",
        "width": "100%",
      }
    }
  >
    <View
      style={
        {
          "flexDirection": "row",
          "height": "20%",
          "width": "25%",
        }
      }
    >
      <View
        accessibilityLabel="Calculator Button"
        accessibilityState={
          {
            "busy": undefined,
            "checked": undefined,
            "disabled": undefined,
            "expanded": undefined,
            "selected": undefined,
          }
        }
        accessibilityValue={
          {
            "max": undefined,
            "min": undefined,
            "now": undefined,
            "text": undefined,
          }
        }
        accessible={true}
        collapsable={false}
        focusable={true}
        onBlur={[Function]}
        onClick={[Function]}
        onFocus={[Function]}
        onResponderGrant={[Function]}
        onResponderMove={[Function]}
        onResponderRelease={[Function]}
        onResponderTerminate={[Function]}
        onResponderTerminationRequest={[Function]}
        onStartShouldSetResponder={[Function]}
        style={
          [
            {
              "alignItems": "center",
              "borderColor": "black",
              "borderWidth": 1,
              "cursor": "pointer",
              "fontSize": 20,
              "height": "100%",
              "justifyContent": "center",
              "width": "100%",
            },
            {
              "backgroundColor": undefined,
            },
          ]
        }
      >
        <Text
          style={
            [
              {
                "fontWeight": "600",
              },
              {
                "fontSize": 25,
              },
            ]
          }
        >
          1
        </Text>
      </View>
      <View
        accessibilityLabel="Calculator Button"
        accessibilityState={
          {
            "busy": undefined,
            "checked": undefined,
            "disabled": undefined,
            "expanded": undefined,
            "selected": undefined,
          }
        }
        accessibilityValue={
          {
            "max": undefined,
            "min": undefined,
            "now": undefined,
            "text": undefined,
          }
        }
        accessible={true}
        collapsable={false}
        focusable={true}
        onBlur={[Function]}
        onClick={[Function]}
        onFocus={[Function]}
        onResponderGrant={[Function]}
        onResponderMove={[Function]}
        onResponderRelease={[Function]}
        onResponderTerminate={[Function]}
        onResponderTerminationRequest={[Function]}
        onStartShouldSetResponder={[Function]}
        style={
          [
            {
              "alignItems": "center",
              "borderColor": "black",
              "borderWidth": 1,
              "cursor": "pointer",
              "fontSize": 20,
              "height": "100%",
              "justifyContent": "center",
              "width": "100%",
            },
            {
              "backgroundColor": undefined,
            },
          ]
        }
      >
        <Text
          style={
            [
              {
                "fontWeight": "600",
              },
              {
                "fontSize": 25,
              },
            ]
          }
        >
          2
        </Text>
      </View>
      <View
        accessibilityLabel="Calculator Button"
        accessibilityState={
          {
            "busy": undefined,
            "checked": undefined,
            "disabled": undefined,
            "expanded": undefined,
            "selected": undefined,
          }
        }
        accessibilityValue={
          {
            "max": undefined,
            "min": undefined,
            "now": undefined,
            "text": undefined,
          }
        }
        accessible={true}
        collapsable={false}
        focusable={true}
        onBlur={[Function]}
        onClick={[Function]}
        onFocus={[Function]}
        onResponderGrant={[Function]}
        onResponderMove={[Function]}
        onResponderRelease={[Function]}
        onResponderTerminate={[Function]}
        onResponderTerminationRequest={[Function]}
        onStartShouldSetResponder={[Function]}
        style={
          [
            {
              "alignItems": "center",
              "borderColor": "black",
              "borderWidth": 1,
              "cursor": "pointer",
              "fontSize": 20,
              "height": "100%",
              "justifyContent": "center",
              "width": "100%",
            },
            {
              "backgroundColor": undefined,
            },
          ]
        }
      >
        <Text
          style={
            [
              {
                "fontWeight": "600",
              },
              {
                "fontSize": 25,
              },
            ]
          }
        >
          3
        </Text>
      </View>
      <View
        accessibilityLabel="Calculator Button"
        accessibilityState={
          {
            "busy": undefined,
            "checked": undefined,
            "disabled": undefined,
            "expanded": undefined,
            "selected": undefined,
          }
        }
        accessibilityValue={
          {
            "max": undefined,
            "min": undefined,
            "now": undefined,
            "text": undefined,
          }
        }
        accessible={true}
        collapsable={false}
        focusable={true}
        onBlur={[Function]}
        onClick={[Function]}
        onFocus={[Function]}
        onResponderGrant={[Function]}
        onResponderMove={[Function]}
        onResponderRelease={[Function]}
        onResponderTerminate={[Function]}
        onResponderTerminationRequest={[Function]}
        onStartShouldSetResponder={[Function]}
        style={
          [
            {
              "alignItems": "center",
              "borderColor": "black",
              "borderWidth": 1,
              "cursor": "pointer",
              "fontSize": 20,
              "height": "100%",
              "justifyContent": "center",
              "width": "100%",
            },
            {
              "backgroundColor": "lightgrey",
            },
          ]
        }
      >
        <Text
          style={
            [
              {
                "fontWeight": "600",
              },
              {
                "fontSize": 30,
              },
            ]
          }
        >
          +
        </Text>
      </View>
    </View>
    <View
      style={
        {
          "flexDirection": "row",
          "height": "20%",
          "width": "25%",
        }
      }
    >
      <View
        accessibilityLabel="Calculator Button"
        accessibilityState={
          {
            "busy": undefined,
            "checked": undefined,
            "disabled": undefined,
            "expanded": undefined,
            "selected": undefined,
          }
        }
        accessibilityValue={
          {
            "max": undefined,
            "min": undefined,
            "now": undefined,
            "text": undefined,
          }
        }
        accessible={true}
        collapsable={false}
        focusable={true}
        onBlur={[Function]}
        onClick={[Function]}
        onFocus={[Function]}
        onResponderGrant={[Function]}
        onResponderMove={[Function]}
        onResponderRelease={[Function]}
        onResponderTerminate={[Function]}
        onResponderTerminationRequest={[Function]}
        onStartShouldSetResponder={[Function]}
        style={
          [
            {
              "alignItems": "center",
              "borderColor": "black",
              "borderWidth": 1,
              "cursor": "pointer",
              "fontSize": 20,
              "height": "100%",
              "justifyContent": "center",
              "width": "100%",
            },
            {
              "backgroundColor": undefined,
            },
          ]
        }
      >
        <Text
          style={
            [
              {
                "fontWeight": "600",
              },
              {
                "fontSize": 25,
              },
            ]
          }
        >
          4
        </Text>
      </View>
      <View
        accessibilityLabel="Calculator Button"
        accessibilityState={
          {
            "busy": undefined,
            "checked": undefined,
            "disabled": undefined,
            "expanded": undefined,
            "selected": undefined,
          }
        }
        accessibilityValue={
          {
            "max": undefined,
            "min": undefined,
            "now": undefined,
            "text": undefined,
          }
        }
        accessible={true}
        collapsable={false}
        focusable={true}
        onBlur={[Function]}
        onClick={[Function]}
        onFocus={[Function]}
        onResponderGrant={[Function]}
        onResponderMove={[Function]}
        onResponderRelease={[Function]}
        onResponderTerminate={[Function]}
        onResponderTerminationRequest={[Function]}
        onStartShouldSetResponder={[Function]}
        style={
          [
            {
              "alignItems": "center",
              "borderColor": "black",
              "borderWidth": 1,
              "cursor": "pointer",
              "fontSize": 20,
              "height": "100%",
              "justifyContent": "center",
              "width": "100%",
            },
            {
              "backgroundColor": undefined,
            },
          ]
        }
      >
        <Text
          style={
            [
              {
                "fontWeight": "600",
              },
              {
                "fontSize": 25,
              },
            ]
          }
        >
          5
        </Text>
      </View>
      <View
        accessibilityLabel="Calculator Button"
        accessibilityState={
          {
            "busy": undefined,
            "checked": undefined,
            "disabled": undefined,
            "expanded": undefined,
            "selected": undefined,
          }
        }
        accessibilityValue={
          {
            "max": undefined,
            "min": undefined,
            "now": undefined,
            "text": undefined,
          }
        }
        accessible={true}
        collapsable={false}
        focusable={true}
        onBlur={[Function]}
        onClick={[Function]}
        onFocus={[Function]}
        onResponderGrant={[Function]}
        onResponderMove={[Function]}
        onResponderRelease={[Function]}
        onResponderTerminate={[Function]}
        onResponderTerminationRequest={[Function]}
        onStartShouldSetResponder={[Function]}
        style={
          [
            {
              "alignItems": "center",
              "borderColor": "black",
              "borderWidth": 1,
              "cursor": "pointer",
              "fontSize": 20,
              "height": "100%",
              "justifyContent": "center",
              "width": "100%",
            },
            {
              "backgroundColor": undefined,
            },
          ]
        }
      >
        <Text
          style={
            [
              {
                "fontWeight": "600",
              },
              {
                "fontSize": 25,
              },
            ]
          }
        >
          6
        </Text>
      </View>
      <View
        accessibilityLabel="Calculator Button"
        accessibilityState={
          {
            "busy": undefined,
            "checked": undefined,
            "disabled": undefined,
            "expanded": undefined,
            "selected": undefined,
          }
        }
        accessibilityValue={
          {
            "max": undefined,
            "min": undefined,
            "now": undefined,
            "text": undefined,
          }
        }
        accessible={true}
        collapsable={false}
        focusable={true}
        onBlur={[Function]}
        onClick={[Function]}
        onFocus={[Function]}
        onResponderGrant={[Function]}
        onResponderMove={[Function]}
        onResponderRelease={[Function]}
        onResponderTerminate={[Function]}
        onResponderTerminationRequest={[Function]}
        onStartShouldSetResponder={[Function]}
        style={
          [
            {
              "alignItems": "center",
              "borderColor": "black",
              "borderWidth": 1,
              "cursor": "pointer",
              "fontSize": 20,
              "height": "100%",
              "justifyContent": "center",
              "width": "100%",
            },
            {
              "backgroundColor": "lightgrey",
            },
          ]
        }
      >
        <Text
          style={
            [
              {
                "fontWeight": "600",
              },
              {
                "fontSize": 30,
              },
            ]
          }
        >
          -
        </Text>
      </View>
    </View>
    <View
      style={
        {
          "flexDirection": "row",
          "height": "20%",
          "width": "25%",
        }
      }
    >
      <View
        accessibilityLabel="Calculator Button"
        accessibilityState={
          {
            "busy": undefined,
            "checked": undefined,
            "disabled": undefined,
            "expanded": undefined,
            "selected": undefined,
          }
        }
        accessibilityValue={
          {
            "max": undefined,
            "min": undefined,
            "now": undefined,
            "text": undefined,
          }
        }
        accessible={true}
        collapsable={false}
        focusable={true}
        onBlur={[Function]}
        onClick={[Function]}
        onFocus={[Function]}
        onResponderGrant={[Function]}
        onResponderMove={[Function]}
        onResponderRelease={[Function]}
        onResponderTerminate={[Function]}
        onResponderTerminationRequest={[Function]}
        onStartShouldSetResponder={[Function]}
        style={
          [
            {
              "alignItems": "center",
              "borderColor": "black",
              "borderWidth": 1,
              "cursor": "pointer",
              "fontSize": 20,
              "height": "100%",
              "justifyContent": "center",
              "width": "100%",
            },
            {
              "backgroundColor": undefined,
            },
          ]
        }
      >
        <Text
          style={
            [
              {
                "fontWeight": "600",
              },
              {
                "fontSize": 25,
              },
            ]
          }
        >
          7
        </Text>
      </View>
      <View
        accessibilityLabel="Calculator Button"
        accessibilityState={
          {
            "busy": undefined,
            "checked": undefined,
            "disabled": undefined,
            "expanded": undefined,
            "selected": undefined,
          }
        }
        accessibilityValue={
          {
            "max": undefined,
            "min": undefined,
            "now": undefined,
            "text": undefined,
          }
        }
        accessible={true}
        collapsable={false}
        focusable={true}
        onBlur={[Function]}
        onClick={[Function]}
        onFocus={[Function]}
        onResponderGrant={[Function]}
        onResponderMove={[Function]}
        onResponderRelease={[Function]}
        onResponderTerminate={[Function]}
        onResponderTerminationRequest={[Function]}
        onStartShouldSetResponder={[Function]}
        style={
          [
            {
              "alignItems": "center",
              "borderColor": "black",
              "borderWidth": 1,
              "cursor": "pointer",
              "fontSize": 20,
              "height": "100%",
              "justifyContent": "center",
              "width": "100%",
            },
            {
              "backgroundColor": undefined,
            },
          ]
        }
      >
        <Text
          style={
            [
              {
                "fontWeight": "600",
              },
              {
                "fontSize": 25,
              },
            ]
          }
        >
          8
        </Text>
      </View>
      <View
        accessibilityLabel="Calculator Button"
        accessibilityState={
          {
            "busy": undefined,
            "checked": undefined,
            "disabled": undefined,
            "expanded": undefined,
            "selected": undefined,
          }
        }
        accessibilityValue={
          {
            "max": undefined,
            "min": undefined,
            "now": undefined,
            "text": undefined,
          }
        }
        accessible={true}
        collapsable={false}
        focusable={true}
        onBlur={[Function]}
        onClick={[Function]}
        onFocus={[Function]}
        onResponderGrant={[Function]}
        onResponderMove={[Function]}
        onResponderRelease={[Function]}
        onResponderTerminate={[Function]}
        onResponderTerminationRequest={[Function]}
        onStartShouldSetResponder={[Function]}
        style={
          [
            {
              "alignItems": "center",
              "borderColor": "black",
              "borderWidth": 1,
              "cursor": "pointer",
              "fontSize": 20,
              "height": "100%",
              "justifyContent": "center",
              "width": "100%",
            },
            {
              "backgroundColor": undefined,
            },
          ]
        }
      >
        <Text
          style={
            [
              {
                "fontWeight": "600",
              },
              {
                "fontSize": 25,
              },
            ]
          }
        >
          9
        </Text>
      </View>
      <View
        accessibilityLabel="Calculator Button"
        accessibilityState={
          {
            "busy": undefined,
            "checked": undefined,
            "disabled": undefined,
            "expanded": undefined,
            "selected": undefined,
          }
        }
        accessibilityValue={
          {
            "max": undefined,
            "min": undefined,
            "now": undefined,
            "text": undefined,
          }
        }
        accessible={true}
        collapsable={false}
        focusable={true}
        onBlur={[Function]}
        onClick={[Function]}
        onFocus={[Function]}
        onResponderGrant={[Function]}
        onResponderMove={[Function]}
        onResponderRelease={[Function]}
        onResponderTerminate={[Function]}
        onResponderTerminationRequest={[Function]}
        onStartShouldSetResponder={[Function]}
        style={
          [
            {
              "alignItems": "center",
              "borderColor": "black",
              "borderWidth": 1,
              "cursor": "pointer",
              "fontSize": 20,
              "height": "100%",
              "justifyContent": "center",
              "width": "100%",
            },
            {
              "backgroundColor": "lightgrey",
            },
          ]
        }
      >
        <Text
          style={
            [
              {
                "fontWeight": "600",
              },
              {
                "fontSize": 30,
              },
            ]
          }
        >
          x
        </Text>
      </View>
    </View>
    <View
      style={
        {
          "flexDirection": "row",
          "height": "20%",
          "width": "25%",
        }
      }
    >
      <View
        accessibilityLabel="Calculator Button"
        accessibilityState={
          {
            "busy": undefined,
            "checked": undefined,
            "disabled": undefined,
            "expanded": undefined,
            "selected": undefined,
          }
        }
        accessibilityValue={
          {
            "max": undefined,
            "min": undefined,
            "now": undefined,
            "text": undefined,
          }
        }
        accessible={true}
        collapsable={false}
        focusable={true}
        onBlur={[Function]}
        onClick={[Function]}
        onFocus={[Function]}
        onResponderGrant={[Function]}
        onResponderMove={[Function]}
        onResponderRelease={[Function]}
        onResponderTerminate={[Function]}
        onResponderTerminationRequest={[Function]}
        onStartShouldSetResponder={[Function]}
        style={
          [
            {
              "alignItems": "center",
              "borderColor": "black",
              "borderWidth": 1,
              "cursor": "pointer",
              "fontSize": 20,
              "height": "100%",
              "justifyContent": "center",
              "width": "100%",
            },
            {
              "backgroundColor": undefined,
            },
          ]
        }
      >
        <Text
          style={
            [
              {
                "fontWeight": "600",
              },
              {
                "fontSize": 25,
              },
            ]
          }
        >
          .
        </Text>
      </View>
      <View
        accessibilityLabel="Calculator Button"
        accessibilityState={
          {
            "busy": undefined,
            "checked": undefined,
            "disabled": undefined,
            "expanded": undefined,
            "selected": undefined,
          }
        }
        accessibilityValue={
          {
            "max": undefined,
            "min": undefined,
            "now": undefined,
            "text": undefined,
          }
        }
        accessible={true}
        collapsable={false}
        focusable={true}
        onBlur={[Function]}
        onClick={[Function]}
        onFocus={[Function]}
        onResponderGrant={[Function]}
        onResponderMove={[Function]}
        onResponderRelease={[Function]}
        onResponderTerminate={[Function]}
        onResponderTerminationRequest={[Function]}
        onStartShouldSetResponder={[Function]}
        style={
          [
            {
              "alignItems": "center",
              "borderColor": "black",
              "borderWidth": 1,
              "cursor": "pointer",
              "fontSize": 20,
              "height": "100%",
              "justifyContent": "center",
              "width": "100%",
            },
            {
              "backgroundColor": undefined,
            },
          ]
        }
      >
        <Text
          style={
            [
              {
                "fontWeight": "600",
              },
              {
                "fontSize": 25,
              },
            ]
          }
        >
          0
        </Text>
      </View>
      <View
        accessibilityLabel="Calculator Button"
        accessibilityState={
          {
            "busy": undefined,
            "checked": undefined,
            "disabled": undefined,
            "expanded": undefined,
            "selected": undefined,
          }
        }
        accessibilityValue={
          {
            "max": undefined,
            "min": undefined,
            "now": undefined,
            "text": undefined,
          }
        }
        accessible={true}
        collapsable={false}
        focusable={true}
        onBlur={[Function]}
        onClick={[Function]}
        onFocus={[Function]}
        onResponderGrant={[Function]}
        onResponderMove={[Function]}
        onResponderRelease={[Function]}
        onResponderTerminate={[Function]}
        onResponderTerminationRequest={[Function]}
        onStartShouldSetResponder={[Function]}
        style={
          [
            {
              "alignItems": "center",
              "borderColor": "black",
              "borderWidth": 1,
              "cursor": "pointer",
              "fontSize": 20,
              "height": "100%",
              "justifyContent": "center",
              "width": "100%",
            },
            {
              "backgroundColor": undefined,
            },
          ]
        }
      >
        <Text
          style={
            [
              {
                "fontWeight": "600",
              },
              {
                "fontSize": 30,
              },
            ]
          }
        >
          -/+
        </Text>
      </View>
      <View
        accessibilityLabel="Calculator Button"
        accessibilityState={
          {
            "busy": undefined,
            "checked": undefined,
            "disabled": undefined,
            "expanded": undefined,
            "selected": undefined,
          }
        }
        accessibilityValue={
          {
            "max": undefined,
            "min": undefined,
            "now": undefined,
            "text": undefined,
          }
        }
        accessible={true}
        collapsable={false}
        focusable={true}
        onBlur={[Function]}
        onClick={[Function]}
        onFocus={[Function]}
        onResponderGrant={[Function]}
        onResponderMove={[Function]}
        onResponderRelease={[Function]}
        onResponderTerminate={[Function]}
        onResponderTerminationRequest={[Function]}
        onStartShouldSetResponder={[Function]}
        style={
          [
            {
              "alignItems": "center",
              "borderColor": "black",
              "borderWidth": 1,
              "cursor": "pointer",
              "fontSize": 20,
              "height": "100%",
              "justifyContent": "center",
              "width": "100%",
            },
            {
              "backgroundColor": "lightgrey",
            },
          ]
        }
      >
        <Text
          style={
            [
              {
                "fontWeight": "600",
              },
              {
                "fontSize": 30,
              },
            ]
          }
        >
          /
        </Text>
      </View>
    </View>
    <View
      style={
        {
          "flexDirection": "row",
          "height": "20%",
          "width": "25%",
        }
      }
    >
      <View
        accessibilityLabel="Calculator Button"
        accessibilityState={
          {
            "busy": undefined,
            "checked": undefined,
            "disabled": undefined,
            "expanded": undefined,
            "selected": undefined,
          }
        }
        accessibilityValue={
          {
            "max": undefined,
            "min": undefined,
            "now": undefined,
            "text": undefined,
          }
        }
        accessible={true}
        collapsable={false}
        focusable={true}
        onBlur={[Function]}
        onClick={[Function]}
        onFocus={[Function]}
        onResponderGrant={[Function]}
        onResponderMove={[Function]}
        onResponderRelease={[Function]}
        onResponderTerminate={[Function]}
        onResponderTerminationRequest={[Function]}
        onStartShouldSetResponder={[Function]}
        style={
          [
            {
              "alignItems": "center",
              "borderColor": "black",
              "borderWidth": 1,
              "cursor": "pointer",
              "fontSize": 20,
              "height": "100%",
              "justifyContent": "center",
              "width": "100%",
            },
            {
              "backgroundColor": "orange",
            },
          ]
        }
      >
        <Text
          style={
            [
              {
                "fontWeight": "600",
              },
              {
                "fontSize": 30,
              },
            ]
          }
        >
          C
        </Text>
      </View>
      <View
        accessibilityLabel="Calculator Button"
        accessibilityState={
          {
            "busy": undefined,
            "checked": undefined,
            "disabled": undefined,
            "expanded": undefined,
            "selected": undefined,
          }
        }
        accessibilityValue={
          {
            "max": undefined,
            "min": undefined,
            "now": undefined,
            "text": undefined,
          }
        }
        accessible={true}
        collapsable={false}
        focusable={true}
        onBlur={[Function]}
        onClick={[Function]}
        onFocus={[Function]}
        onResponderGrant={[Function]}
        onResponderMove={[Function]}
        onResponderRelease={[Function]}
        onResponderTerminate={[Function]}
        onResponderTerminationRequest={[Function]}
        onStartShouldSetResponder={[Function]}
        style={
          [
            {
              "alignItems": "center",
              "borderColor": "black",
              "borderWidth": 1,
              "cursor": "pointer",
              "fontSize": 20,
              "height": "100%",
              "justifyContent": "center",
              "width": "100%",
            },
            {
              "backgroundColor": "firebrick",
            },
          ]
        }
      >
        <Text
          style={
            [
              {
                "fontWeight": "600",
              },
              {
                "fontSize": 30,
              },
            ]
          }
        >
          AC
        </Text>
      </View>
      <View
        accessibilityLabel="Calculator Button"
        accessibilityState={
          {
            "busy": undefined,
            "checked": undefined,
            "disabled": undefined,
            "expanded": undefined,
            "selected": undefined,
          }
        }
        accessibilityValue={
          {
            "max": undefined,
            "min": undefined,
            "now": undefined,
            "text": undefined,
          }
        }
        accessible={true}
        collapsable={false}
        focusable={true}
        onBlur={[Function]}
        onClick={[Function]}
        onFocus={[Function]}
        onResponderGrant={[Function]}
        onResponderMove={[Function]}
        onResponderRelease={[Function]}
        onResponderTerminate={[Function]}
        onResponderTerminationRequest={[Function]}
        onStartShouldSetResponder={[Function]}
        style={
          [
            {
              "alignItems": "center",
              "borderColor": "black",
              "borderWidth": 1,
              "cursor": "pointer",
              "fontSize": 20,
              "height": "100%",
              "justifyContent": "center",
              "width": "100%",
            },
            {
              "backgroundColor": "lightgrey",
            },
          ]
        }
      >
        <Text
          style={
            [
              {
                "fontWeight": "600",
              },
              {
                "fontSize": 30,
              },
            ]
          }
        >
          sqrt
        </Text>
      </View>
      <View
        accessibilityLabel="Calculator Button"
        accessibilityState={
          {
            "busy": undefined,
            "checked": undefined,
            "disabled": undefined,
            "expanded": undefined,
            "selected": undefined,
          }
        }
        accessibilityValue={
          {
            "max": undefined,
            "min": undefined,
            "now": undefined,
            "text": undefined,
          }
        }
        accessible={true}
        collapsable={false}
        focusable={true}
        onBlur={[Function]}
        onClick={[Function]}
        onFocus={[Function]}
        onResponderGrant={[Function]}
        onResponderMove={[Function]}
        onResponderRelease={[Function]}
        onResponderTerminate={[Function]}
        onResponderTerminationRequest={[Function]}
        onStartShouldSetResponder={[Function]}
        style={
          [
            {
              "alignItems": "center",
              "borderColor": "black",
              "borderWidth": 1,
              "cursor": "pointer",
              "fontSize": 20,
              "height": "100%",
              "justifyContent": "center",
              "width": "100%",
            },
            {
              "backgroundColor": "green",
            },
          ]
        }
      >
        <Text
          style={
            [
              {
                "fontWeight": "600",
              },
              {
                "fontSize": 30,
              },
            ]
          }
        >
          =
        </Text>
      </View>
    </View>
  </View>
</View>
`;
